<?xml version="1.0" encoding="utf-8"?><testsuites><testsuite name="pytest" errors="0" failures="0" skipped="0" tests="0" time="41.099" timestamp="2025-06-07T01:05:58.860984+00:00" hostname="V9P2792XJ5"><testcase time="1.199" /></testsuite></testsuites>
